python : C:\abbu\backen
d\cleaning\type_handler
.py:183: UserWarning: 
The argument 'infer_dat
etime_format' is 
deprecated and will be 
removed in a future 
version. A strict 
version of it is now 
the default, see https:
//pandas.pydata.org/pde
ps/0004-consistent-to-d
atetime-parsing.html. 
You can safely remove 
this argument.
At line:1 char:38
+ $env:PYTHONPATH = 
"c:\abbu\backend"; 
python -c "
+                      
                
~~~~~~~~~~~
    + CategoryInfo     
         : NotSpecifi  
  ed: (C:\abbu\backe   
 nd... this argumen    
t.:String) [], Rem    
oteException
    + FullyQualifiedEr 
   rorId : NativeComm  
  andError
 
  dt = pd.to_datetime(v
al_str, 
dayfirst=False, infer_d
atetime_format=True)
Traceback (most recent 
call last):
  File "<string>", 
line 361, in <module>
  File "<string>", 
line 222, in test_outli
er_business_rules
AssertionError: Should 
detect business rule 
violations
C:\abbu\backend\cleanin
g\type_handler.py:183: 
UserWarning: The 
argument 'infer_datetim
e_format' is 
deprecated and will be 
removed in a future 
version. A strict 
version of it is now 
the default, see https:
//pandas.pydata.org/pde
ps/0004-consistent-to-d
atetime-parsing.html. 
You can safely remove 
this argument.
  dt = pd.to_datetime(v
al_str, 
dayfirst=False, infer_d
atetime_format=True)
C:\abbu\backend\cleanin
g\type_handler.py:183: 
UserWarning: The 
argument 'infer_datetim
e_format' is 
deprecated and will be 
removed in a future 
version. A strict 
version of it is now 
the default, see https:
//pandas.pydata.org/pde
ps/0004-consistent-to-d
atetime-parsing.html. 
You can safely remove 
this argument.
  dt = pd.to_datetime(v
al_str, 
dayfirst=False, infer_d
atetime_format=True)
C:\abbu\backend\cleanin
g\type_handler.py:183: 
UserWarning: The 
argument 'infer_datetim
e_format' is 
deprecated and will be 
removed in a future 
version. A strict 
version of it is now 
the default, see https:
//pandas.pydata.org/pde
ps/0004-consistent-to-d
atetime-parsing.html. 
You can safely remove 
this argument.
  dt = pd.to_datetime(v
al_str, 
dayfirst=False, infer_d
atetime_format=True)
C:\abbu\backend\cleanin
g\type_handler.py:183: 
UserWarning: The 
argument 'infer_datetim
e_format' is 
deprecated and will be 
removed in a future 
version. A strict 
version of it is now 
the default, see https:
//pandas.pydata.org/pde
ps/0004-consistent-to-d
atetime-parsing.html. 
You can safely remove 
this argument.
  dt = pd.to_datetime(v
al_str, 
dayfirst=False, infer_d
atetime_format=True)
C:\abbu\backend\cleanin
g\type_handler.py:183: 
UserWarning: The 
argument 'infer_datetim
e_format' is 
deprecated and will be 
removed in a future 
version. A strict 
version of it is now 
the default, see https:
//pandas.pydata.org/pde
ps/0004-consistent-to-d
atetime-parsing.html. 
You can safely remove 
this argument.
  dt = pd.to_datetime(v
al_str, 
dayfirst=False, infer_d
atetime_format=True)
C:\abbu\backend\cleanin
g\type_handler.py:183: 
UserWarning: The 
argument 'infer_datetim
e_format' is 
deprecated and will be 
removed in a future 
version. A strict 
version of it is now 
the default, see https:
//pandas.pydata.org/pde
ps/0004-consistent-to-d
atetime-parsing.html. 
You can safely remove 
this argument.
  dt = pd.to_datetime(v
al_str, 
dayfirst=False, infer_d
atetime_format=True)
C:\abbu\backend\cleanin
g\type_handler.py:183: 
UserWarning: The 
argument 'infer_datetim
e_format' is 
deprecated and will be 
removed in a future 
version. A strict 
version of it is now 
the default, see https:
//pandas.pydata.org/pde
ps/0004-consistent-to-d
atetime-parsing.html. 
You can safely remove 
this argument.
  dt = pd.to_datetime(v
al_str, 
dayfirst=False, infer_d
atetime_format=True)
  Γ£ô cleaning_models_instantiation passed
  Γ£ô exact_duplicate_detection passed (found 4 duplicates)
  Γ£ô derived_column_detection passed (found 1 pairs)
  Γ£ô empty_df_duplicates passed
  Γ£ô missing_value_detection passed (3 strategies)
  Γ£ô strategy_selection_numeric passed (age ΓåÆ impute_mean)
  Γ£ô empty_df_missing passed
  Γ£ô decision_engine_full passed (3 actions, 0 definitive, 3 judgment)
  Γ£ô apply_action passed (5 ΓåÆ 3 rows)
  Γ£ô outlier_iqr_detection passed (4 outliers)
  Γ£ù test_outlier_business_rules FAILED: Should detect business rule violations
  Γ£ô outlier_clean_data passed (0 outliers)
  Γ£ô type_date_detection passed (1 date columns)
  Γ£ô type_currency_detection passed (100% parsed)
  Γ£ô type_boolean_detection passed
  Γ£ô text_column_analysis passed (1 cols, actions: ['extract_text_features', 'remove_stopwords', 'drop_raw_text'])
  Γ£ô decision_engine_all_handlers passed (7 actions, categories: {'type_correction', 'text_preprocessing', 'missing_values', 'duplicates'})

==================================================
Results: 16 passed, 1 failed, 17 total
SOME TESTS FAILED Γ£ù
