Dataset Profile completed successfully.
Warnings: []
Target Detected: is_fraud
Has Geo: True
Strongest Correlated Pairs: ['income-transaction_amount:0.85', 'transaction_amount-is_fraud:0.6', 'income-is_fraud:0.49']
Has Temporal: True
